<?php

namespace App\Modules\Article\Actions;

use App\Ship\Abstracts\Actions\Action;

class MyAwesomeAction extends Action
{
    public function handle()
    {
        //
    }
}
