<?php

namespace App\Modules\Article\UI\CLI\Commands\Foo\Bar;

use App\Ship\Abstracts\Console\Command;
use Symfony\Component\Console\Input\InputArgument;
use Symfony\Component\Console\Input\InputOption;

class MyAwesomeCommand extends Command
{
    /**
     * The name and signature of the console command.
     *
     * @var string
     */
    protected $name = 'my:awesome:command';

    /**
     * The console command description.
     *
     * @var string
     */
    protected $description = 'Command description.';

    /**
     * Execute the console command.
     */
    public function handle(): int
    {
        return self::SUCCESS;
    }

    /**
     * Get the console command arguments.
     */
    protected function getArguments(): array
    {
        return [
            ['example', InputArgument::REQUIRED, 'An example argument.'],
        ];
    }

    /**
     * Get the console command options.
     */
    protected function getOptions(): array
    {
        return [
            ['example', null, InputOption::VALUE_OPTIONAL, 'An example option.', null],
        ];
    }
}
