<?php

namespace App\Modules\Blog\DTO;

use App\Ship\Abstracts\DTO\DataTransferObject;

class CreatePostDTO extends DataTransferObject
{
    // TODO: add fields here
}
