<?php

namespace App\Modules\Article\UI\API\Requests;

use App\Ship\Abstracts\Requests\Request;
use Illuminate\Support\Facades\Gate;

class DeleteArticleRequest extends Request
{
    public function rules(): array
    {
        return [];
    }

    public function authorize(): bool
    {
        $article = $this->route('article');
        return $article && Gate::check('delete', $article);
    }
}
