{
    "name": "example/blog",
    "description": "",
    "authors": [
        {
            "name": "Example name",
            "email": "example@example.com"
        }
    ],
    "autoload": {
        "psr-4": {
            "App\\Modules\\Blog\\": ""
        }
    }
}
