<?php

namespace App\Modules\Article\UI\API\Requests;

use App\Modules\Article\Models\Article;
use App\Ship\Abstracts\Requests\Request;
use Illuminate\Support\Facades\Gate;

class ListArticlesRequest extends Request
{
    public function rules(): array
    {
        return [];
    }

    public function authorize(): bool
    {
        return Gate::check('viewAny', Article::class);
    }
}
