<?php

namespace App\Modules\Article\Models;

use App\Modules\Article\Data\Factories\ArticleFactory;
use App\Ship\Abstracts\Models\Model;
use Illuminate\Database\Eloquent\Factories\Factory;
use Illuminate\Database\Eloquent\Factories\HasFactory;

class Article extends Model
{
    use HasFactory;

    protected $fillable = [
        // TODO: add fields here
    ];

    protected $hidden = [
        // TODO: add fields here
    ];

    protected $casts = [
        // TODO: add fields here
    ];

    /**
     * Create a new factory instance for the model.
     *
     * @return Factory
     */
    protected static function newFactory(): Factory
    {
        return ArticleFactory::new();
    }
}
