<?php

namespace App\Modules\Blog\UI\API\Requests;

use App\Ship\Abstracts\Requests\Request;
use Illuminate\Support\Facades\Gate;

class UpdateCommentRequest extends Request
{
    public function rules(): array
    {
        return [
            // TODO: add fields here
        ];
    }

    public function authorize(): bool
    {
        $comment = $this->route('comment');
        return $comment && Gate::check('update', $comment);
    }
}
