<?php

namespace App\Modules\Article\UI\API\Resources;

use App\Ship\Abstracts\Resources\Json\JsonResource;

class ArticleResource extends JsonResource
{
    /**
     * Transform the resource into an array.
     *
     * @param  \Illuminate\Http\Request  $request
     * @return array|\Illuminate\Contracts\Support\Arrayable|\JsonSerializable
     */
    public function toArray($request)
    {
        return parent::toArray($request);
    }
}
