<?php

namespace App\Modules\Article\Foo\Bar\DTO\Baz\Bat;

use App\Ship\Abstracts\DTO\DataTransferObject;

class MyAwesomeDTO extends DataTransferObject
{
    public function __construct(
        // TODO: add fields here
    ) {
    }
}
