<?php

namespace App\Modules\Article\Foo\Bar\Listeners\Baz\Bat;

use App\Modules\Article\Events\Foo\Bar\MyAwesomeEvent;
use App\Ship\Abstracts\Listeners\Listener;

class MyAwesomePlainListener extends Listener
{
    public function __construct()
    {
        //
    }

    /**
     * Handle the event.
     */
    public function handle(MyAwesomeEvent $event): void
    {
        //
    }
}
