<?php

namespace App\Modules\Article\Foo\Bar\Middleware\Baz\Bat;

use App\Ship\Abstracts\Middleware\Middleware;
use Closure;
use Illuminate\Http\Request;

class MyAwesomeMiddleware extends Middleware
{
    /**
     * Handle an incoming request.
     */
    public function handle(Request $request, Closure $next)
    {
        return $next($request);
    }
}
