<?php

use Illuminate\Database\Migrations\Migration;
use Illuminate\Database\Schema\Blueprint;
use Illuminate\Support\Facades\Schema;

return new class extends Migration
{
    /**
     * Run the migrations.
     */
    public function up(): void
    {
        Schema::create('user_role', static function (Blueprint $table) {
            $table->unsignedBigInteger('user_id')->index();
            $table->foreign('user_id')->references('id')->on('users')->onDelete('cascade');
            $table->unsignedBigInteger('role_id')->index();
            $table->foreign('role_id')->references('id')->on('roles')->onDelete('cascade');
            $table->primary(['user_id', 'role_id']);
        });
    }

    /**
     * Reverse the migrations.
     */
    public function down(): void
    {
        Schema::dropIfExists('user_role');
    }
};
