<?php

namespace App\Modules\Article\UI\API\Requests;

use App\Ship\Abstracts\Requests\Request;

class UpdateArticleRequest extends Request
{
    public function rules(): array
    {
        return [
            // TODO: add fields here
        ];
    }

    public function authorize(): bool
    {
        $article = $this->route('article');
        return $article && $this->user()->can('update', $article);
    }
}
