<?php

return [

    /*
    |--------------------------------------------------------------------------
    | Article Module Configuration
    |--------------------------------------------------------------------------
    */

    'name' => 'Article',

];
