<?php

namespace App\Modules\Article\UI\API\Tests;

use App\Modules\Article\Models\Article;
use App\Ship\Abstracts\Tests\TestCase;

/**
 * @group article
 * @group api
 */
class DeleteArticleTest extends TestCase
{
    protected string $url = '/api/v1/articles/{article}';

    /**
     * Roles and permissions, to be attached on the user by default
     */
    protected array $access = [
        'permissions' => 'delete-article',
        'roles'       => '',
    ];

    public function testDeleteArticle(): void
    {
        $this->getTestingUser();

        $article = Article::factory()->create();
        $url = $this->buildUrl(
            replaces: ['{id}' => $article->getKey()]
        );

        $this->deleteJson($url)->assertNoContent();

        $this->assertNull(Article::find($article->getKey()));
    }

    public function testDeleteArticleWithoutAccess(): void
    {
        $this->getTestingUserWithoutAccess();

        $article = Article::factory()->create();
        $url = $this->buildUrl(
            replaces: ['{id}' => $article->getKey()]
        );

        $this->deleteJson($url)->assertForbidden();
    }

    public function testDeleteNotExistingArticle(): void
    {
        $this->getTestingUser();

        $url = $this->buildUrl(
            replaces: ['{id}' => '12345']
        );

        $this->deleteJson($url)
            ->assertNotFound();
    }
}
