<?php

namespace App\Modules\Article\Policies;

use App\Modules\Article\Models\Article;
use App\Modules\User\Models\User;
use App\Ship\Abstracts\Policies\Policy;
use Illuminate\Auth\Access\HandlesAuthorization;

class ArticlePolicy extends Policy
{
    use HandlesAuthorization;

    /**
     * Determine whether the user can view any models.
     */
    public function viewAny(User $user): bool
    {
        return $user->can('view-article');
    }

    /**
     * Determine whether the user can view the model.
     */
    public function view(User $user, Article $article): bool
    {
        return $user->can('view-article');
    }

    /**
     * Determine whether the user can create models.
     */
    public function create(User $user): bool
    {
        return $user->can('create-article');
    }

    /**
     * Determine whether the user can update the model.
     */
    public function update(User $user, Article $article): bool
    {
        return $user->can('update-article');
    }

    /**
     * Determine whether the user can delete the model.
     */
    public function delete(User $user, Article $article): bool
    {
        return $user->can('delete-article');
    }

    /**
     * Determine whether the user can restore the model.
     */
    public function restore(User $user, Article $article): bool
    {
        return $user->can('delete-article');
    }

    /**
     * Determine whether the user can permanently delete the model.
     */
    public function forceDelete(User $user, Article $article): bool
    {
        return $user->can('force-delete-article');
    }
}
