<?php

use App\Modules\Blog\Actions\UpdatePostCommentAction;
use Illuminate\Support\Facades\Route;

Route::patch('post-comments/{postComment}', UpdatePostCommentAction::class)
    ->name('api.post_comments.update');
