<?php

namespace App\Modules\Blog\Policies;

use App\Modules\Blog\Models\PostComment;
use App\Modules\User\Models\User;
use App\Ship\Abstracts\Policies\Policy;
use Illuminate\Auth\Access\HandlesAuthorization;

class PostCommentPolicy extends Policy
{
    use HandlesAuthorization;

    /**
     * Determine whether the user can view any models.
     */
    public function viewAny(User $user): bool
    {
        return $user->can('view-post-comment');
    }

    /**
     * Determine whether the user can view the model.
     */
    public function view(User $user, PostComment $postComment): bool
    {
        return $user->can('view-post-comment');
    }

    /**
     * Determine whether the user can create models.
     */
    public function create(User $user): bool
    {
        return $user->can('create-post-comment');
    }

    /**
     * Determine whether the user can update the model.
     */
    public function update(User $user, PostComment $postComment): bool
    {
        return $user->can('update-post-comment');
    }

    /**
     * Determine whether the user can delete the model.
     */
    public function delete(User $user, PostComment $postComment): bool
    {
        return $user->can('delete-post-comment');
    }

    /**
     * Determine whether the user can restore the model.
     */
    public function restore(User $user, PostComment $postComment): bool
    {
        return $user->can('delete-post-comment');
    }

    /**
     * Determine whether the user can permanently delete the model.
     */
    public function forceDelete(User $user, PostComment $postComment): bool
    {
        return $user->can('force-delete-post-comment');
    }
}
