<?php

namespace App\Modules\Blog\Providers;

use App\Ship\Abstracts\Providers\ServiceProvider;
use Laraneat\Modules\Traits\ModuleProviderHelpersTrait;

class BlogServiceProvider extends ServiceProvider
{
    use ModuleProviderHelpersTrait;

    protected string $moduleName = 'Blog';
    protected string $moduleNameLower = 'blog';

    /**
     * Register services.
     *
     * @return void
     */
    public function register(): void
    {
        $this->app->register(RouteServiceProvider::class);
    }

    /**
     * Bootstrap services.
     *
     * @return void
     */
    public function boot(): void
    {
        $this->registerTranslations();
        $this->registerConfig();
        $this->registerViews();
        $this->registerMigrations();
        $this->registerCommands();
    }

    /**
     * Get the services provided by the provider.
     *
     * @return array
     */
    public function provides(): array
    {
        return [];
    }

    /**
     * Register translations.
     *
     * @return void
     */
    public function registerTranslations(): void
    {
        $sourcePath = module_path($this->moduleName, 'Resources/lang');
        $langPath = resource_path('lang/modules/' . $this->moduleNameLower);

        $this->loadTranslationsFrom($sourcePath, $this->moduleNameLower);

        $this->publishes([
            $sourcePath => $langPath,
        ], 'translations');
    }

    /**
     * Register config.
     *
     * @return void
     */
    protected function registerConfig(): void
    {
        $sourcePath = module_path($this->moduleName, 'Config');
        $configPath = config_path();

        $this->loadConfigs($sourcePath);

        $this->publishes([
            $sourcePath => $configPath
        ], 'config');
    }

    /**
     * Register views.
     *
     * @return void
     */
    public function registerViews(): void
    {
        $sourcePath = module_path($this->moduleName, 'Resources/views');
        $viewsPath = resource_path('views/modules/' . $this->moduleNameLower);

        $this->loadViewsFrom(
            array_merge($this->getPublishableViewPaths($this->moduleNameLower), [$sourcePath]),
            $this->moduleNameLower
        );

        $this->publishes([
            $sourcePath => $viewsPath
        ], 'views');
    }

    /**
     * Register migrations.
     *
     * @return void
     */
    public function registerMigrations(): void
    {
        $sourcePath = module_path($this->moduleName, 'Data/Migrations');
        $migrationsPath = database_path('migrations');

        $this->loadMigrationsFrom($sourcePath);

        $this->publishes([
            $sourcePath => $migrationsPath
        ], 'migrations');
    }

    /**
     * Register artisan commands.
     *
     * @return void
     */
    public function registerCommands(): void
    {
        if ($this->app->runningInConsole()) {
            $this->loadCommands(module_path($this->moduleName, 'UI/CLI/Commands'));
        }
    }
}
