<?php

return [

    /*
    |--------------------------------------------------------------------------
    | Blog Module Configuration
    |--------------------------------------------------------------------------
    */

    'name' => 'Blog',

];
