<?php

namespace App\Modules\Blog\Actions;

use App\Modules\Blog\Models\PostComment;
use App\Modules\Blog\UI\API\Requests\DeletePostCommentRequest;
use App\Ship\Abstracts\Actions\Action;
use Illuminate\Http\JsonResponse;

class DeletePostCommentAction extends Action
{
    public function handle(PostComment $postComment): bool
    {
        return $postComment->delete();
    }

    public function asController(DeletePostCommentRequest $request, PostComment $postComment): JsonResponse
    {
        $this->handle($postComment);

        return $this->noContent();
    }
}
