<?php

namespace App\Modules\Blog\Data\Factories;

use App\Modules\Blog\Models\PostComment;
use App\Ship\Abstracts\Factories\Factory;

/**
 * @method \Illuminate\Support\Collection|PostComment create($attributes = [], ?PostComment $parent = null)
 * @method \Illuminate\Support\Collection createMany(iterable $records)
 * @method PostComment createOne($attributes = [])
 * @method \Illuminate\Support\Collection|PostComment make($attributes = [], ?PostComment $parent = null)
 * @method PostComment makeOne($attributes = [])
 */
class PostCommentFactory extends Factory
{
    /**
     * The name of the factory's corresponding model.
     *
     * @var string
     */
    protected $model = PostComment::class;

    /**
     * Define the model's default state.
     */
    public function definition(): array
    {
        return [
            // TODO: add fields here
        ];
    }
}

