{
    "name": "/blog",
    "description": "",
    "authors": [
        {
            "name": "",
            "email": ""
        }
    ],
    "autoload": {
        "psr-4": {
            "App\\Modules\\Blog\\": ""
        }
    }
}
