<?php

namespace App\Modules\Article\Foo\Bar\NewProviders\Baz\Bat;

use App\Ship\Abstracts\Providers\ServiceProvider;

class MyAwesomeProvider extends ServiceProvider
{
    /**
     * Bootstrap services.
     */
    public function register(): void
    {
        //
    }

    /**
     * Bootstrap services.
     */
    public function boot(): void
    {
        //
    }
}
