<?php

namespace App\Modules\Article\UI\API\QueryWizards\Foo\Bar;

use App\Ship\Abstracts\QueryWizards\ModelQueryWizard;
use Jackardios\QueryWizard\Model\ModelInclude;

class MyAwesomeModelQueryWizard extends ModelQueryWizard
{
    /**
     * @return array<string>
     */
    protected function allowedAppends(): array
    {
        return [];
    }

    /**
     * @return array<string>
     */
    protected function defaultAppends(): array
    {
        return [];
    }

    /**
     * @return array<string>
     */
    protected function allowedFields(): array
    {
        return [
            // TODO: add fields here
        ];
    }

    /**
     * @return array<string|ModelInclude>
     */
    protected function allowedIncludes(): array
    {
        return [];
    }

    /**
     * @return array<string|ModelInclude>
     */
    protected function defaultIncludes(): array
    {
        return [];
    }
}
