<?php

namespace App\Modules\Article\UI\API\Requests;

use App\Ship\Abstracts\Requests\Request;

class MyAwesomeApiRequest extends Request
{
    public function rules(): array
    {
        return [];
    }

    public function authorize(): bool
    {
        return true;
    }
}
