<?php

namespace App\Modules\Article\UI\API\Requests\Baz\Bat;

use App\Ship\Abstracts\Requests\Request;
use Illuminate\Support\Facades\Gate;

class MyAwesomeApiDeleteRequest extends Request
{
    public function rules(): array
    {
        return [];
    }

    public function authorize(): bool
    {
        $model = $this->route('model');
        return $model && Gate::check('delete', $model);
    }
}
