<?php

namespace App\Modules\Article\UI\API\Resources\Foo\Bar;

use App\Ship\Abstracts\Resources\Json\ResourceCollection;

class MyAwesomeCollectionResource extends ResourceCollection
{
    /**
     * Transform the resource collection into an array.
     *
     * @param  \Illuminate\Http\Request  $request
     * @return array|\Illuminate\Contracts\Support\Arrayable|\JsonSerializable
     */
    public function toArray($request)
    {
        return parent::toArray($request);
    }
}
