<?php

use App\Modules\Article\Actions\SomeDeleteAction;
use Illuminate\Support\Facades\Route;

Route::delete('some/delete/route', SomeDeleteAction::class)
    ->name('api.nested.some_delete_route');
