<?php

use App\Modules\Article\Actions\SomeGetAction;
use Illuminate\Support\Facades\Route;

Route::get('some/get/route', SomeGetAction::class)
    ->name('api.nested.some_get_route');
