<?php

namespace App\Modules\Article\UI\API\Tests\Baz\Bat;

use App\Modules\Article\Models\Some\Nested\SomeTestModel;
use App\Ship\Abstracts\Tests\TestCase;

/**
 * @group article
 * @group api
 */
class MyAwesomeApiListTest extends TestCase
{
    /**
     * Roles and permissions, to be attached on the user by default
     */
    protected array $access = [
        'permissions' => 'view-some-test-model',
        'roles'       => '',
    ];

    public function testListSomeTestModels(): void
    {
        $this->getTestingUser();

        SomeTestModel::factory()->count(2)->create();

        $this->getJson(route('some.api.url'))
            ->assertOk()
            ->assertJsonStructure([
                'links',
                'meta',
                'data'
            ])
            ->assertJsonCount(SomeTestModel::query()->count(), 'data');
    }

    public function testListSomeTestModelsWithoutAccess(): void
    {
        $this->getTestingUserWithoutAccess();

        SomeTestModel::factory()->count(2)->create();

        $this->getJson(route('some.api.url'))
            ->assertForbidden();
    }
}
