- composer.json
- database/factories/ArticleCommentFactory.php
- database/migrations/2024_01_01_000000_create_article_comments_table.php
- database/seeders/ArticleCommentPermissionsSeeder_1.php
- src/Actions/CreateArticleCommentAction.php
- src/Actions/DeleteArticleCommentAction.php
- src/Actions/ListArticleCommentsAction.php
- src/Actions/UpdateArticleCommentAction.php
- src/Actions/ViewArticleCommentAction.php
- src/DTO/CreateArticleCommentDTO.php
- src/DTO/UpdateArticleCommentDTO.php
- src/Models/ArticleComment.php
- src/Policies/ArticleCommentPolicy.php
- src/Providers/ArticleCommentServiceProvider.php
- src/Providers/RouteServiceProvider.php
- src/UI/API/QueryWizards/ArticleCommentQueryWizard.php
- src/UI/API/QueryWizards/ArticleCommentsQueryWizard.php
- src/UI/API/Requests/CreateArticleCommentRequest.php
- src/UI/API/Requests/DeleteArticleCommentRequest.php
- src/UI/API/Requests/ListArticleCommentsRequest.php
- src/UI/API/Requests/UpdateArticleCommentRequest.php
- src/UI/API/Requests/ViewArticleCommentRequest.php
- src/UI/API/Resources/ArticleCommentResource.php
- src/UI/API/routes/v1/create_article_comment.php
- src/UI/API/routes/v1/delete_article_comment.php
- src/UI/API/routes/v1/list_article_comments.php
- src/UI/API/routes/v1/update_article_comment.php
- src/UI/API/routes/v1/view_article_comment.php
- tests/UI/API/CreateArticleCommentTest.php
- tests/UI/API/DeleteArticleCommentTest.php
- tests/UI/API/ListArticleCommentsTest.php
- tests/UI/API/UpdateArticleCommentTest.php
- tests/UI/API/ViewArticleCommentTest.php
