- action/create.stub
- action/delete.stub
- action/list.stub
- action/plain.stub
- action/update.stub
- action/view.stub
- command.stub
- composer.json.stub
- controller/api.stub
- controller/web.stub
- dto.stub
- event.stub
- exception.stub
- factory.stub
- job/plain.stub
- job/queued.stub
- listener/plain.stub
- listener/queued.stub
- mail.stub
- middleware.stub
- migration/add.stub
- migration/create.stub
- migration/delete.stub
- migration/pivot.stub
- migration/plain.stub
- model/full.stub
- model/plain.stub
- notification/plain.stub
- notification/queued.stub
- observer.stub
- policy/full.stub
- policy/plain.stub
- provider/event.stub
- provider/module.stub
- provider/plain.stub
- provider/route.stub
- query-wizard/eloquent.stub
- query-wizard/model.stub
- request/create.stub
- request/delete.stub
- request/list.stub
- request/plain.stub
- request/update.stub
- request/view.stub
- resource/collection.stub
- resource/single.stub
- route.stub
- rule.stub
- seeder/permissions.stub
- seeder/plain.stub
- test/api/create.stub
- test/api/delete.stub
- test/api/list.stub
- test/api/plain.stub
- test/api/update.stub
- test/api/view.stub
- test/cli/plain.stub
- test/feature/plain.stub
- test/unit/plain.stub
- test/web/create.stub
- test/web/delete.stub
- test/web/plain.stub
- test/web/update.stub
